../Core/Src/main.c:57:6:servo_start	8	static
../Core/Src/main.c:70:6:servo_stop	8	static
../Core/Src/main.c:99:5:__io_putchar	16	static
../Core/Src/main.c:113:5:main	8	static
../Core/Src/main.c:262:6:SystemClock_Config	72	static
../Core/Src/main.c:302:13:MX_TIM1_Init	96	static
../Core/Src/main.c:377:13:MX_TIM2_Init	64	static
../Core/Src/main.c:448:13:MX_TIM3_Init	64	static
../Core/Src/main.c:519:13:MX_TIM4_Init	64	static
../Core/Src/main.c:578:13:MX_USART2_UART_Init	8	static
../Core/Src/main.c:611:13:MX_GPIO_Init	24	static
../Core/Src/main.c:634:6:Error_Handler	4	static,ignoring_inline_asm
